{
    "process_test_1": {
        "content": [
            "1_27.txt:086e29e2872195015ce2d3104909b20f",
            "2_27.txt:086e29e2872195015ce2d3104909b20f",
            "3_27.txt:086e29e2872195015ce2d3104909b20f",
            "4_27.txt:086e29e2872195015ce2d3104909b20f",
            "5_27.txt:086e29e2872195015ce2d3104909b20f"
        ]
    }
}